ASxxxx Linker V02.00 + NoICE + sdld,  page 1.
Hexadecimal

Area                               Addr   Size   Decimal Bytes (Attributes)
--------------------------------   ----   ----   ------- ----- ------------
CABS                               0000   0000 =      0. bytes (ABS,CON,CODE)

      Value  Global                              Global Defined In Module
      -----  ---------------------------------   ------------------------
       0C:  FFFFFF00  s_BSEG                           
       0C:  0000  l_BIT_BANK                       
       0C:  0000  l_BSEG                           
       0C:  0000  l_BSEG_BYTES                     
       0C:  0000  l_CABS                           
       0C:  0000  l_GSINIT1                        
       0C:  0000  l_GSINIT5                        
       0C:  0000  l_IABS                           
       0C:  0000  l_ISEG                           
       0C:  0000  l_PSEG                           
       0C:  0000  l_REG_BANK_1                     
       0C:  0000  l_REG_BANK_2                     
       0C:  0000  l_REG_BANK_3                     
       0C:  0000  l_RSEG                           
       0C:  0000  l_RSEG0                          
       0C:  0000  l_RSEG1                          
       0C:  0000  l_XABS                           
       0C:  0000  l_XINIT                          
       0C:  0000  l_XISEG                          
       0C:  0000  l__CODE                          
       0C:  0000  s_BSEG_BYTES                     
       0C:  0000  s_CABS                           
       0C:  0000  s_DSEG                           
       0C:  0000  s_HOME                           
       0C:  0000  s_IABS                           
       0C:  0000  s_ISEG                           
       0C:  0000  s_PSEG                           
       0C:  0000  s_REG_BANK_0                     
       0C:  0000  s_RSEG                           
       0C:  0000  s_RSEG0                          
       0C:  0000  s_RSEG1                          
       0C:  0000  s_XABS                           
       0C:  0000  s_XSEG                           
       0C:  0003  l_GSFINAL                        
       0C:  0003  l_GSINIT0                        
       0C:  0004  l_OSEG                           
       0C:  0008  l_HOME                           
       0C:  0008  l_REG_BANK_0                     
       0C:  0008  s_GSINIT0                        
       0C:  0008  s_REG_BANK_1                     
       0C:  000A  l_GSINIT2                        
       0C:  000B  s_GSINIT1                        
       0C:  000B  s_GSINIT2                        
       0C:  0010  s_REG_BANK_2                     
       0C:  0015  s_GSINIT3                        
       0C:  0016  l_CONST                          
       0C:  0018  s_BIT_BANK                       
       0C:  0018  s_REG_BANK_3                     
       0C:  001B  l_GSINIT                         
       0C:  0020  s__CODE                          
ASxxxx Linker V02.00 + NoICE + sdld,  page 2.
Hexadecimal

Area                               Addr   Size   Decimal Bytes (Attributes)
--------------------------------   ----   ----   ------- ----- ------------
CABS                               0000   0000 =      0. bytes (ABS,CON,CODE)

      Value  Global                              Global Defined In Module
      -----  ---------------------------------   ------------------------
       0C:  0022  l_GSINIT3                        
       0C:  002A  l_GSINIT4                        
       0C:  0037  s_GSINIT4                        
       0C:  003F  s_OSEG                           
       0C:  0043  s_SSEG                           
       0C:  0061  s_GSINIT                         
       0C:  0061  s_GSINIT5                        
       0C:  007C  s_GSFINAL                        
       0C:  007F  s_CSEG                           
       0C:  0080  l_DSEG                           
       0C:  00BD  l_SSEG                           
       0C:  00FA  l_XSEG                           
       0C:  00FA  s_XISEG                          
       0C:  0100  l_IRAM                           
       0C:  0FB0  l_CSEG                           
       0C:  102F  s_CONST                          
       0C:  1045  s_XINIT                          

ASxxxx Linker V02.00 + NoICE + sdld,  page 3.
Hexadecimal

Area                               Addr   Size   Decimal Bytes (Attributes)
--------------------------------   ----   ----   ------- ----- ------------
XABS                               0000   0000 =      0. bytes (ABS,CON,XDATA)

      Value  Global                              Global Defined In Module
      -----  ---------------------------------   ------------------------
ASxxxx Linker V02.00 + NoICE + sdld,  page 4.
Hexadecimal

Area                               Addr   Size   Decimal Bytes (Attributes)
--------------------------------   ----   ----   ------- ----- ------------
IABS                               0000   0000 =      0. bytes (ABS,CON)

      Value  Global                              Global Defined In Module
      -----  ---------------------------------   ------------------------
ASxxxx Linker V02.00 + NoICE + sdld,  page 5.
Hexadecimal

Area                               Addr   Size   Decimal Bytes (Attributes)
--------------------------------   ----   ----   ------- ----- ------------
RSEG1                              0000   0000 =      0. bytes (ABS,CON)

      Value  Global                              Global Defined In Module
      -----  ---------------------------------   ------------------------
ASxxxx Linker V02.00 + NoICE + sdld,  page 6.
Hexadecimal

Area                               Addr   Size   Decimal Bytes (Attributes)
--------------------------------   ----   ----   ------- ----- ------------
RSEG0                              0000   0000 =      0. bytes (ABS,CON)

      Value  Global                              Global Defined In Module
      -----  ---------------------------------   ------------------------
ASxxxx Linker V02.00 + NoICE + sdld,  page 7.
Hexadecimal

Area                               Addr   Size   Decimal Bytes (Attributes)
--------------------------------   ----   ----   ------- ----- ------------
RSEG                               0000   0000 =      0. bytes (ABS,CON)

      Value  Global                              Global Defined In Module
      -----  ---------------------------------   ------------------------
ASxxxx Linker V02.00 + NoICE + sdld,  page 8.
Hexadecimal

Area                               Addr   Size   Decimal Bytes (Attributes)
--------------------------------   ----   ----   ------- ----- ------------
.	.ABS.                            0000   0000 =      0. bytes (ABS,CON)

      Value  Global                              Global Defined In Module
      -----  ---------------------------------   ------------------------
            0000  .__.ABS.                         
            0080  _P0                              
            0080  _P0_0                            
            0081  _P0_1                            
            0081  _SP                              
            0082  _DP0L                            
            0082  _DPL                             
            0082  _P0_2                            
            0083  _DP0H                            
            0083  _DPH                             
            0083  _P0_3                            
            0084  _P0_4                            
            0085  _P0_5                            
            0086  _P0_6                            
            0087  _P0_7                            
            0087  _PCON                            
            0088  _IT0                             
            0088  _TCON                            
            0089  _IE0                             
            0089  _TMOD                            
            008A  _IT1                             
            008A  _TL0                             
            008B  _IE1                             
            008B  _TL1                             
            008C  _TH0                             
            008C  _TR0                             
            008D  _TF0                             
            008D  _TH1                             
            008E  _TR1                             
            008F  _TF1                             
            0090  _P1                              
            0090  _P1_0                            
            0091  _P1_1                            
            0092  _P1_2                            
            0093  _P1_3                            
            0094  _P1_4                            
            0095  _P1_5                            
            0096  _P1_6                            
            0097  _P1_7                            
            0098  _RI                              
            0098  _SCON                            
            0099  _SBUF                            
            0099  _SBUF0                           
            0099  _TI                              
            009A  _RB8                             
            009B  _TB8                             
            009C  _REN                             
            009D  _SM2                             
            009E  _SM1                             
            009F  _SM0                             
ASxxxx Linker V02.00 + NoICE + sdld,  page 9.
Hexadecimal

Area                               Addr   Size   Decimal Bytes (Attributes)
--------------------------------   ----   ----   ------- ----- ------------
.	.ABS.                            0000   0000 =      0. bytes (ABS,CON)

      Value  Global                              Global Defined In Module
      -----  ---------------------------------   ------------------------
            00A0  _P2                              
            00A0  _P2_0                            
            00A0  __XPAGE                          
            00A1  _P2_1                            
            00A2  _P2_2                            
            00A3  _P2_3                            
            00A4  _P2_4                            
            00A5  _P2_5                            
            00A6  _P2_6                            
            00A7  _P2_7                            
            00A8  _EX0                             
            00A8  _IE                              
            00A9  _ET0                             
            00AA  _EX1                             
            00AB  _ET1                             
            00AC  _ES                              
            00AF  _EA                              
            00B0  _P3                              
            00B0  _P3_0                            
            00B0  _RXD                             
            00B0  _RXD0                            
            00B1  _P3_1                            
            00B1  _TXD                             
            00B1  _TXD0                            
            00B2  _INT0                            
            00B2  _P3_2                            
            00B3  _INT1                            
            00B3  _P3_3                            
            00B4  _P3_4                            
            00B4  _T0                              
            00B5  _P3_5                            
            00B5  _T1                              
            00B6  _P3_6                            
            00B6  _WR                              
            00B7  _P3_7                            
            00B7  _RD                              
            00B8  _IP                              
            00B8  _PX0                             
            00B9  _PT0                             
            00BA  _PX1                             
            00BB  _PT1                             
            00BC  _PS                              
            00D0  _P                               
            00D0  _PSW                             
            00D1  _F1                              
            00D2  _OV                              
            00D3  _RS0                             
            00D4  _RS1                             
            00D5  _F0                              
            00D6  _AC                              
            00D7  _CY                              
ASxxxx Linker V02.00 + NoICE + sdld,  page 10.
Hexadecimal

Area                               Addr   Size   Decimal Bytes (Attributes)
--------------------------------   ----   ----   ------- ----- ------------
.	.ABS.                            0000   0000 =      0. bytes (ABS,CON)

      Value  Global                              Global Defined In Module
      -----  ---------------------------------   ------------------------
            00E0  _ACC                             
            00F0  _B                               
            00F0  _BREG_F0                         
            00F1  _BREG_F1                         
            00F2  _BREG_F2                         
            00F3  _BREG_F3                         
            00F4  _BREG_F4                         
            00F5  _BREG_F5                         
            00F5  _B_5                             
            00F6  _BREG_F6                         
            00F6  _B_6                             
            00F7  _BREG_F7                         
            00F7  _B_7                             

ASxxxx Linker V02.00 + NoICE + sdld,  page 11.
Hexadecimal

Area                               Addr   Size   Decimal Bytes (Attributes)
--------------------------------   ----   ----   ------- ----- ------------
BSEG_BYTES                         0000   0000 =      0. bytes (REL,CON)

      Value  Global                              Global Defined In Module
      -----  ---------------------------------   ------------------------
ASxxxx Linker V02.00 + NoICE + sdld,  page 12.
Hexadecimal

Area                               Addr   Size   Decimal Bytes (Attributes)
--------------------------------   ----   ----   ------- ----- ------------
_CODE                              0020   0000 =      0. bytes (REL,CON)

      Value  Global                              Global Defined In Module
      -----  ---------------------------------   ------------------------
ASxxxx Linker V02.00 + NoICE + sdld,  page 13.
Hexadecimal

Area                               Addr   Size   Decimal Bytes (Attributes)
--------------------------------   ----   ----   ------- ----- ------------
REG_BANK_0                         0000   0008 =      8. bytes (REL,OVR)

      Value  Global                              Global Defined In Module
      -----  ---------------------------------   ------------------------
ASxxxx Linker V02.00 + NoICE + sdld,  page 14.
Hexadecimal

Area                               Addr   Size   Decimal Bytes (Attributes)
--------------------------------   ----   ----   ------- ----- ------------
REG_BANK_1                         0008   0000 =      0. bytes (REL,OVR)

      Value  Global                              Global Defined In Module
      -----  ---------------------------------   ------------------------
ASxxxx Linker V02.00 + NoICE + sdld,  page 15.
Hexadecimal

Area                               Addr   Size   Decimal Bytes (Attributes)
--------------------------------   ----   ----   ------- ----- ------------
REG_BANK_2                         0010   0000 =      0. bytes (REL,OVR)

      Value  Global                              Global Defined In Module
      -----  ---------------------------------   ------------------------
ASxxxx Linker V02.00 + NoICE + sdld,  page 16.
Hexadecimal

Area                               Addr   Size   Decimal Bytes (Attributes)
--------------------------------   ----   ----   ------- ----- ------------
REG_BANK_3                         0018   0000 =      0. bytes (REL,OVR)

      Value  Global                              Global Defined In Module
      -----  ---------------------------------   ------------------------
ASxxxx Linker V02.00 + NoICE + sdld,  page 17.
Hexadecimal

Area                               Addr   Size   Decimal Bytes (Attributes)
--------------------------------   ----   ----   ------- ----- ------------
BSEG                               FFFFFF00   0000 =      0. bytes (REL,CON,BIT)

      Value  Global                              Global Defined In Module
      -----  ---------------------------------   ------------------------
ASxxxx Linker V02.00 + NoICE + sdld,  page 18.
Hexadecimal

Area                               Addr   Size   Decimal Bytes (Attributes)
--------------------------------   ----   ----   ------- ----- ------------
BIT_BANK                           0018   0000 =      0. bytes (REL,OVR)

      Value  Global                              Global Defined In Module
      -----  ---------------------------------   ------------------------
ASxxxx Linker V02.00 + NoICE + sdld,  page 19.
Hexadecimal

Area                               Addr   Size   Decimal Bytes (Attributes)
--------------------------------   ----   ----   ------- ----- ------------
DSEG                               0000   0080 =    128. bytes (REL,CON)

      Value  Global                              Global Defined In Module
      -----  ---------------------------------   ------------------------
            000D  __t6963c                         
            000F  _T6963C_oneDataCommand_PARM_2    
            0010  _T6963C_twoDataCommand_PARM_2    
            0011  _T6963C_twoDataCommand_PARM_3    
            0012  _T6963C_addressCommand_PARM_2    
            0014  _T6963C_dataWrite_PARM_2         
            0015  _T6963C_autoWrite_PARM_2         
            0018  _T6963C_autoWrite_PARM_3         
            001C  _T6963C_autoRepeat_PARM_2        
            001D  _T6963C_autoRepeat_PARM_3        
            001F  _T6963C_writeAt_PARM_2           
            0020  _T6963C_writeAt_PARM_3           
            0021  _T6963C_readFrom_PARM_2          
            0022  _address                         
            0024  _in                              
            0025  _out                             
            002C  _SNAKE_iterate_PARM_2            
            002F  _GMB_copyFromRomToCg_PARM_2      
            0030  _GMB_draw_PARM_2                 
            0031  _GMB_draw_PARM_3                 
            0032  _GMB_draw_PARM_4                 
            0033  _GMB_clear_PARM_2                
            0034  _GMB_clear_PARM_3                
            0035  _GMB_clear_PARM_4                
            0036  _GMB_display_PARM_2              
            0037  _GMB_display_PARM_3              

ASxxxx Linker V02.00 + NoICE + sdld,  page 20.
Hexadecimal

Area                               Addr   Size   Decimal Bytes (Attributes)
--------------------------------   ----   ----   ------- ----- ------------
OSEG                               003F   0004 =      4. bytes (REL,OVR)

      Value  Global                              Global Defined In Module
      -----  ---------------------------------   ------------------------
            003F  _SNAKE_turn_PARM_2               
            003F  _STDIO_startWritingAt_PARM_2     
            003F  _T6963C_calculateAddress_PARM_2  
            003F  __divsint_PARM_2                 
            003F  __divuint_PARM_2                 
            003F  __gptrput_PARM_2                 
            003F  __modsint_PARM_2                 
            003F  __moduint_PARM_2                 
            003F  __mulint_PARM_2                  
            003F  __mullong_PARM_2                 

ASxxxx Linker V02.00 + NoICE + sdld,  page 21.
Hexadecimal

Area                               Addr   Size   Decimal Bytes (Attributes)
--------------------------------   ----   ----   ------- ----- ------------
ISEG                               0000   0000 =      0. bytes (REL,CON)

      Value  Global                              Global Defined In Module
      -----  ---------------------------------   ------------------------
ASxxxx Linker V02.00 + NoICE + sdld,  page 22.
Hexadecimal

Area                               Addr   Size   Decimal Bytes (Attributes)
--------------------------------   ----   ----   ------- ----- ------------
SSEG                               0043   00BD =    189. bytes (REL,OVR)

      Value  Global                              Global Defined In Module
      -----  ---------------------------------   ------------------------
            0043  __start__stack                   

ASxxxx Linker V02.00 + NoICE + sdld,  page 23.
Hexadecimal

Area                               Addr   Size   Decimal Bytes (Attributes)
--------------------------------   ----   ----   ------- ----- ------------
PSEG                               0000   0000 =      0. bytes (REL,CON,PAG,XDATA)

      Value  Global                              Global Defined In Module
      -----  ---------------------------------   ------------------------
ASxxxx Linker V02.00 + NoICE + sdld,  page 24.
Hexadecimal

Area                               Addr   Size   Decimal Bytes (Attributes)
--------------------------------   ----   ----   ------- ----- ------------
XSEG                               0000   00FA =    250. bytes (REL,CON,XDATA)

      Value  Global                              Global Defined In Module
      -----  ---------------------------------   ------------------------
       0D:  0000  _buffer                          

ASxxxx Linker V02.00 + NoICE + sdld,  page 25.
Hexadecimal

Area                               Addr   Size   Decimal Bytes (Attributes)
--------------------------------   ----   ----   ------- ----- ------------
XISEG                              00FA   0000 =      0. bytes (REL,CON,XDATA)

      Value  Global                              Global Defined In Module
      -----  ---------------------------------   ------------------------
ASxxxx Linker V02.00 + NoICE + sdld,  page 26.
Hexadecimal

Area                               Addr   Size   Decimal Bytes (Attributes)
--------------------------------   ----   ----   ------- ----- ------------
HOME                               0000   0008 =      8. bytes (REL,CON,CODE)

      Value  Global                              Global Defined In Module
      -----  ---------------------------------   ------------------------
       0C:  0003  __sdcc_program_startup           

ASxxxx Linker V02.00 + NoICE + sdld,  page 27.
Hexadecimal

Area                               Addr   Size   Decimal Bytes (Attributes)
--------------------------------   ----   ----   ------- ----- ------------
GSINIT0                            0008   0003 =      3. bytes (REL,CON,CODE)

      Value  Global                              Global Defined In Module
      -----  ---------------------------------   ------------------------
       0C:  0008  __sdcc_gsinit_startup            

ASxxxx Linker V02.00 + NoICE + sdld,  page 28.
Hexadecimal

Area                               Addr   Size   Decimal Bytes (Attributes)
--------------------------------   ----   ----   ------- ----- ------------
GSINIT1                            000B   0000 =      0. bytes (REL,CON,CODE)

      Value  Global                              Global Defined In Module
      -----  ---------------------------------   ------------------------
ASxxxx Linker V02.00 + NoICE + sdld,  page 29.
Hexadecimal

Area                               Addr   Size   Decimal Bytes (Attributes)
--------------------------------   ----   ----   ------- ----- ------------
GSINIT2                            000B   000A =     10. bytes (REL,CON,CODE)

      Value  Global                              Global Defined In Module
      -----  ---------------------------------   ------------------------
ASxxxx Linker V02.00 + NoICE + sdld,  page 30.
Hexadecimal

Area                               Addr   Size   Decimal Bytes (Attributes)
--------------------------------   ----   ----   ------- ----- ------------
GSINIT3                            0015   0022 =     34. bytes (REL,CON,CODE)

      Value  Global                              Global Defined In Module
      -----  ---------------------------------   ------------------------
       0C:  0015  __mcs51_genXINIT                 

ASxxxx Linker V02.00 + NoICE + sdld,  page 31.
Hexadecimal

Area                               Addr   Size   Decimal Bytes (Attributes)
--------------------------------   ----   ----   ------- ----- ------------
GSINIT4                            0037   002A =     42. bytes (REL,CON,CODE)

      Value  Global                              Global Defined In Module
      -----  ---------------------------------   ------------------------
       0C:  0037  __mcs51_genRAMCLEAR              
       0C:  003D  __mcs51_genXRAMCLEAR             

ASxxxx Linker V02.00 + NoICE + sdld,  page 32.
Hexadecimal

Area                               Addr   Size   Decimal Bytes (Attributes)
--------------------------------   ----   ----   ------- ----- ------------
GSINIT5                            0061   0000 =      0. bytes (REL,CON,CODE)

      Value  Global                              Global Defined In Module
      -----  ---------------------------------   ------------------------
ASxxxx Linker V02.00 + NoICE + sdld,  page 33.
Hexadecimal

Area                               Addr   Size   Decimal Bytes (Attributes)
--------------------------------   ----   ----   ------- ----- ------------
GSINIT                             0061   001B =     27. bytes (REL,CON,CODE)

      Value  Global                              Global Defined In Module
      -----  ---------------------------------   ------------------------
ASxxxx Linker V02.00 + NoICE + sdld,  page 34.
Hexadecimal

Area                               Addr   Size   Decimal Bytes (Attributes)
--------------------------------   ----   ----   ------- ----- ------------
GSFINAL                            007C   0003 =      3. bytes (REL,CON,CODE)

      Value  Global                              Global Defined In Module
      -----  ---------------------------------   ------------------------
ASxxxx Linker V02.00 + NoICE + sdld,  page 35.
Hexadecimal

Area                               Addr   Size   Decimal Bytes (Attributes)
--------------------------------   ----   ----   ------- ----- ------------
CSEG                               007F   0FB0 =   4016. bytes (REL,CON,CODE)

      Value  Global                              Global Defined In Module
      -----  ---------------------------------   ------------------------
       0C:  007F  _pause                           
       0C:  0096  _initialize                      
       0C:  009C  _play                            
       0C:  012D  _main                            
       0C:  0135  _T6963C_statusCheck              
       0C:  0145  _T6963C_noDataCommand            
       0C:  0158  _T6963C_oneDataCommand           
       0C:  0177  _T6963C_twoDataCommand           
       0C:  01A2  _T6963C_addressCommand           
       0C:  01D9  _T6963C_dataWrite                
       0C:  01EE  _T6963C_dataRead                 
       0C:  020A  _T6963C_statusCheckForAutoWrite  
       0C:  021A  _T6963C_autoWrite                
       0C:  0292  _T6963C_autoRepeat               
       0C:  02F6  _T6963C_calculateAddress         
       0C:  030C  _T6963C_writeAt                  
       0C:  0318  _T6963C_readFrom                 
       0C:  0321  _T6963C_initialize               
       0C:  0368  _STDIO_initialize                
       0C:  036B  _STDIO_startWritingAt            
       0C:  037E  _putchar                         
       0C:  0434  _BUFFER_in                       
       0C:  0446  _BUFFER_out                      
       0C:  0458  _BUFFER_clear                    
       0C:  045F  _SNAKE_move                      
       0C:  054A  _SNAKE_liveOrDie                 
       0C:  0672  _SNAKE_showHead                  
       0C:  06F2  _SNAKE_showBody                  
       0C:  07C5  _SNAKE_turn                      
       0C:  084C  _SNAKE_iterate                   
       0C:  08CB  _KEYBOARD_readArrows             
       0C:  091A  _FRUIT_placeInFreeSpace          
       0C:  0B10  _FRUIT_random                    
       0C:  0B5D  _FRUIT_place                     
       0C:  0B6F  _GMB_copyFromRomToCg             
       0C:  0B96  _GMB_initialize                  
       0C:  0C0B  _GMB_draw                        
       0C:  0CFA  _GMB_clear                       
       0C:  0D25  _GMB_display                     
       0C:  0E5C  __divuint                        
       0C:  0E85  _rand                            
       0C:  0EC1  _srand                           
       0C:  0ED0  __gptrput                        
       0C:  0EE9  __mulint                         
       0C:  0EE9  __mulint_dummy                   
       0C:  0F06  __mullong                        
       0C:  0F06  __mullong_dummy                  
       0C:  0F74  __moduint                        
       0C:  0FC1  _strlen                          
       0C:  0FD9  __gptrget                        
ASxxxx Linker V02.00 + NoICE + sdld,  page 36.
Hexadecimal

Area                               Addr   Size   Decimal Bytes (Attributes)
--------------------------------   ----   ----   ------- ----- ------------
CSEG                               007F   0FB0 =   4016. bytes (REL,CON,CODE)

      Value  Global                              Global Defined In Module
      -----  ---------------------------------   ------------------------
       0C:  0FF5  __modsint                        
       0C:  102B  __sdcc_external_startup          
ASxxxx Linker V02.00 + NoICE + sdld,  page 37.
Hexadecimal

Area                               Addr   Size   Decimal Bytes (Attributes)
--------------------------------   ----   ----   ------- ----- ------------
CONST                              102F   0016 =     22. bytes (REL,CON,CODE)

      Value  Global                              Global Defined In Module
      -----  ---------------------------------   ------------------------
ASxxxx Linker V02.00 + NoICE + sdld,  page 38.
Hexadecimal

Area                               Addr   Size   Decimal Bytes (Attributes)
--------------------------------   ----   ----   ------- ----- ------------
XINIT                              1045   0000 =      0. bytes (REL,CON,CODE)

      Value  Global                              Global Defined In Module
      -----  ---------------------------------   ------------------------
ASxxxx Linker V02.00 + NoICE + sdld,  page 39.

Files Linked                              [ module(s) ]

main.rel                                  [ 
t6963c.rel                                [ 
STDIO-~1.rel                              [ 
test.rel                                  [ 
buffer.rel                                [ 
snake.rel                                 [ 
keyboard.rel                              [ 
fruit.rel                                 [ 
bdd.rel                                   [ 
GAMEBO~1.rel                              [ 


Libraries Linked                          [ object file ]

C:\Program Files (x86)\SDCC\bin\..\lib\s  [ _divuint.rel ]
C:\Program Files (x86)\SDCC\bin\..\lib\s  [ rand.rel ]
C:\Program Files (x86)\SDCC\bin\..\lib\s  [ crtclear.rel ]
C:\Program Files (x86)\SDCC\bin\..\lib\s  [ crtxinit.rel ]
C:\Program Files (x86)\SDCC\bin\..\lib\s  [ _gptrput.rel ]
C:\Program Files (x86)\SDCC\bin\..\lib\s  [ _mulint.rel ]
C:\Program Files (x86)\SDCC\bin\..\lib\s  [ _mullong.rel ]
C:\Program Files (x86)\SDCC\bin\..\lib\s  [ _moduint.rel ]
C:\Program Files (x86)\SDCC\bin\..\lib\s  [ crtxclear.rel ]
C:\Program Files (x86)\SDCC\bin\..\lib\s  [ crtpagesfr.rel ]
C:\Program Files (x86)\SDCC\bin\..\lib\s  [ _strlen.rel ]
C:\Program Files (x86)\SDCC\bin\..\lib\s  [ crtstart.rel ]
C:\Program Files (x86)\SDCC\bin\..\lib\s  [ _gptrget.rel ]
C:\Program Files (x86)\SDCC\bin\..\lib\s  [ _modsint.rel ]
C:\Program Files (x86)\SDCC\bin\..\lib\s  [ _startup.rel ]

ASxxxx Linker V02.00 + NoICE + sdld,  page 40.

User Base Address Definitions

HOME = 0x0000
ISEG = 0x0000
BSEG = 0x0000

